
  ___  ____  ____  ____  ____ (R)
 /__    /   ____/   /   ____/
___/   /   /___/   /   /___/   16.1   Copyright 1985-2019 StataCorp LLC
  Statistics/Data analysis            StataCorp
                                      4905 Lakeway Drive
                                      College Station, Texas 77845 USA
                                      800-STATA-PC        https://www.stata.com
                                      979-696-4600        stata@stata.com
                                      979-696-4601 (fax)

Stata license: Single-user  perpetual
Serial number: 301606346132
  Licensed to: Luke Motley
               

Notes:
      1. Stata is running in batch mode.
      2. Unicode is supported; see help unicode_advice.

. do "clean_MSA_workfromhome.do" 

. import delimited "../input/MSA_workfromhome.csv", clear case(lower)
(6 vars, 395 obs)

. 
. rename area* cbsa*

. 
. label data "Dingel-Neiman Teleworkability Scores"

. 
. gsort cbsa

. 
. compress
  (0 bytes saved)

. 
. save "../output/telework_scores_cbsa.dta", replace
(note: file ../output/telework_scores_cbsa.dta not found)
file ../output/telework_scores_cbsa.dta saved

. 
end of do-file
