
  ___  ____  ____  ____  ____ (R)
 /__    /   ____/   /   ____/
___/   /   /___/   /   /___/   16.1   Copyright 1985-2019 StataCorp LLC
  Statistics/Data analysis            StataCorp
                                      4905 Lakeway Drive
                                      College Station, Texas 77845 USA
                                      800-STATA-PC        https://www.stata.com
                                      979-696-4600        stata@stata.com
                                      979-696-4601 (fax)

Stata license: Single-user  perpetual
Serial number: 301606346132
  Licensed to: Luke Motley
               

Notes:
      1. Stata is running in batch mode.
      2. Unicode is supported; see help unicode_advice.

. do "clean_gtrends.do" 

. use "../input/dma_merged_analysis_file.dta", clear

. 
. rename dma_json_id dma

. 
. preserve

. keep dma dma_name week specific* generic google_classroom khan_academy kahoot placebo
> *

. 
. label data "Bacher-Hicks et al. Google Trends Outcomes"

. 
. save "../output/gtrends_outcomes.dta", replace
file ../output/gtrends_outcomes.dta saved

. restore

. 
. drop week specific* generic google_classroom khan_academy kahoot placebo*

. 
. gsort dma week
variable week not found
r(111);

end of do-file
r(111);
